C51 COMPILER V9.60.0.0   ADC                                                               08/08/2020 16:35:49 PAGE 1   


C51 COMPILER V9.60.0.0, COMPILATION OF MODULE ADC
OBJECT MODULE PLACED IN .\src\Adc.OBJ
COMPILER INVOKED BY: c:\SiliconLabs\SimplicityStudio\v4\developer\toolchains\keil_8051\9.60\BIN\C51.exe C:\WorkSpace\3_C
                    -HAN\4_M80\1_CODE\DFSK-F516-EFM8BB21F16G-C-QFN20_20200107\src\Adc.c OMF2 SMALL DEBUG OBJECTEXTEND ROM(LARGE) WARNINGLEVEL
                    -(2) FLOATFUZZY(3) OPTIMIZE(9,SPEED) DEFINE(NDEBUG=1) INTVECTOR(0X0000) INTPROMOTE INCDIR(C:\WorkSpace\3_CHAN\4_M80\1_COD
                    -E\DFSK-F516-EFM8BB21F16G-C-QFN20_20200107\inc;C:/SiliconLabs/SimplicityStudio/v4/developer/sdks/8051/v4.1.7//Device/shar
                    -ed/si8051base;C:/SiliconLabs/SimplicityStudio/v4/developer/sdks/8051/v4.1.7//Device/EFM8BB2/inc) REGFILE(DFSK-F516-EFM8B
                    -B21F16G-C-QFN20_20200107.ORC) PRINT(.\src\Adc.lst) COND PAGEWIDTH(120) PAGELENGTH(65) OBJECT(.\src\Adc.OBJ)

line level    source

   1          #include "cpu.h"
   2          /*********************************************************************************************************
             -************
   3          ** FILE NAME: Adc.c
   4          **
   5          ** PROJECT:  长城H2倒车雷达
   6          ** CPU:      EFM8BB21F16G
   7          ** COMPILER: 芯科
   8          ** -------------------------------------------------------------------------------------------------------
             -------------
   9          ** VERSION:  V1.0
  10          ** DATE:     2018.12.24
  11          **********************************************************************************************************
             -***********/
  12          
  13          #include "ADC.h"
  14          #include "Command.h"
  15          #include "Timer.h"
  16          #include "DetectObj.h"
  17          #include "Serial.h"
  18          #include "Timer.h"
  19          
  20          BYTE    xdata   bySampleTimes;  //Remainning sample times
  21          WORD    xdata   wSampleValue;   //AD value
  22          WORD    xdata   wPowerValue;    //Power value
  23          BOOL    xdata   bRadar_PoweFlag;
  24          BOOL    xdata   bWorkFlag;      //Work flag
  25          BOOL    xdata   bDetectFlag;    //Detect flag
  26          stADC   xdata   ADC;
  27          
  28          WORD RL_MIN_VALUE;      // GND
  29          WORD RL_MAX_VALUE;
  30          
  31          WORD RML_MIN_VALUE;     // +12V
  32          WORD RML_MAX_VALUE;
  33          
  34          WORD RR_MIN_VALUE;      // NC
  35          WORD RR_MAX_VALUE;
  36          
  37          WORD FL_MIN_VALUE;      // GND
  38          WORD FL_MAX_VALUE;
  39          
  40          WORD FR_MIN_VALUE;      // NC
  41          WORD FR_MAX_VALUE;
  42          
  43          void ADC_InitVariable(void)
  44          {
  45   1              bySampleTimes = 0;
  46   1              wSampleValue  = 0;
  47   1              wPowerValue   = 0;
  48   1              bWorkFlag     = TRUE;
C51 COMPILER V9.60.0.0   ADC                                                               08/08/2020 16:35:49 PAGE 2   

  49   1              bDetectFlag       = 0;
  50   1      }
  51          /*********************************************************************************************************
             -************
  52          ** Init ADC.
  53          **********************************************************************************************************
             -***********/
  54          void ADC_PowerSamplingInit(void)
  55          {
  56   1              ADC0CN0_ADBMEN  = 0;    //Disable Burst Mode
  57   1              ADC0CN0_ADCM0   = 0;    //ADC0 conversion initiated is software triggerr
  58   1              ADC0CN0_ADCM1   = 0;
  59   1              ADC0CN1                 = 0x01; //Common Mode Buffer Enable
  60   1              ADC0CF                  = 0x19; /*bit7/6/5/4/3 = 00011 is set clock,49/(3+1) = 12.25mhz
  61   1                                                                bit2 = 0 is set 10 bit mode
  62   1                                                                bit1 = 0 Selects between Normal Tracking Modes
  63   1                                                                bit1 = 1 Gain Control set to 1 or 0.5
  64   1                                                              */
  65   1              ADC0AC                  = 0x42; /*bit7 = 0 Disable 12-bit mode
  66   1                                                                bit6 = 1 ADC0H:ADC0L contain the accumulated conversion results when Burst Mode is disabled. Firm
             -ware must write 0x0000 to ADC0H:ADC0L to clear the accumulated result.
  67   1                                                                bit5/4/3 = 000 Right justified. No shifting applied
  68   1                                                                bit2/1/0 = 010 Perform and Accumulate 8 conversions (2 conversions in 12-bit mode).
  69   1                                                              */
  70   1              ADC0PWR                 = 0x40; /*bit7/6 = 01 Select bias current mode 1 (SARCLK <= 16 MHz).
  71   1                                                                bit5 = 0 Low power mode disabled
  72   1                                                                bit4 = 0 Disable low power mode
  73   1                                                                bit2/1/0 = 000 This field sets the time delay allowed for the ADC to power up from a low power st
             -ate. When ADTM is set, an additional 4SARCLKs are added to this time
  74   1                                                              */
  75   1              ADC0TK                  = 0x00; //no use
  76   1              ADC0GTH                 = 0xFF;
  77   1              ADC0GTL                 = 0xFF;
  78   1              ADC0LTH                 = 0x00;
  79   1              ADC0LTL                 = 0x00;
  80   1              ADC0MX                  = 0x03; //Selects the channel P0.0-P1.6 == 00000-01110
  81   1              REF0CN                  = 0x08; /*bit7 = 0 The internal reference operates at 1.65 V nominal; 1 is 2.4v
  82   1                                                                bit6 = 0 Reserved
  83   1                                                                bit5 = 0 The ADC0 ground reference is the GND pin
  84   1                                                                bit4/3 = 01 The ADC0 voltage reference is the VDD pin
  85   1                                                                bit2 = 0 Disable the Temperature Sensor
  86   1                                                                bit1/0 = 00 Reserved
  87   1                                                              */
  88   1              ADC0                    = 0x0000;       //Clear the accumulated conversion results
  89   1              ADC0CN0_ADEN    = 1;            //ADC Enable
  90   1              EIE1               &= (~0x08);  //Disable interrupt
  91   1      
  92   1          ADC_Start();
  93   1      }
  94          
  95          void ADC_IDSamplingInit (void)
  96          {
  97   1              ADC0CN0_ADBMEN  = 0;    //Disable Burst Mode
  98   1              ADC0CN0_ADCM0   = 0;    //ADC0 conversion initiated is software triggerr
  99   1              ADC0CN0_ADCM1   = 0;
 100   1              ADC0CN1                 = 0x01; //Common Mode Buffer Enable
 101   1              ADC0CF                  = 0x19; /*bit7/6/5/4/3 = 00011 is set clock,49/(3+1) = 12.25mhz
 102   1                                                                bit2 = 0 is set 10 bit mode
 103   1                                                                bit1 = 0 Selects between Normal Tracking Modes
 104   1                                                                bit1 = 1 Gain Control set to 1 or 0.5
 105   1                                                              */
 106   1              ADC0AC                  = 0x42; /*bit7 = 0 Disable 12-bit mode
 107   1                                                                bit6 = 1 ADC0H:ADC0L contain the accumulated conversion results when Burst Mode is disabled. Firm
C51 COMPILER V9.60.0.0   ADC                                                               08/08/2020 16:35:49 PAGE 3   

             -ware must write 0x0000 to ADC0H:ADC0L to clear the accumulated result.
 108   1                                                                bit5/4/3 = 000 Right justified. No shifting applied
 109   1                                                                bit2/1/0 = 010 Perform and Accumulate 8 conversions (2 conversions in 12-bit mode).
 110   1                                                              */
 111   1              ADC0PWR                 = 0x40; /*bit7/6 = 01 Select bias current mode 1 (SARCLK <= 16 MHz).
 112   1                                                                bit5 = 0 Low power mode disabled
 113   1                                                                bit4 = 0 Disable low power mode
 114   1                                                                bit2/1/0 = 000 This field sets the time delay allowed for the ADC to power up from a low power st
             -ate. When ADTM is set, an additional 4SARCLKs are added to this time
 115   1                                                              */
 116   1              ADC0TK                  = 0x00; //no use
 117   1              ADC0GTH                 = 0xFF;
 118   1              ADC0GTL                 = 0xFF;
 119   1              ADC0LTH                 = 0x00;
 120   1              ADC0LTL                 = 0x00;
 121   1              ADC0MX                  = 0x05; //Selects the channel P0.0-P1.6 == 00000-01110
 122   1              REF0CN                  = 0x08; /*bit7 = 0 The internal reference operates at 1.65 V nominal; 1 is 2.4v
 123   1                                                                bit6 = 0 Reserved
 124   1                                                                bit5 = 0 The ADC0 ground reference is the GND pin
 125   1                                                                bit4/3 = 01 The ADC0 voltage reference is the VDD pin
 126   1                                                                bit2 = 0 Disable the Temperature Sensor
 127   1                                                                bit1/0 = 00 Reserved
 128   1                                                              */
 129   1              ADC0                    = 0x0000;       //Clear the accumulated conversion results
 130   1              ADC0CN0_ADEN    = 1;            //ADC Enable
 131   1              EIE1               &= (~0x08);  //Disable interrupt
 132   1      
 133   1          ADC_Start();
 134   1      
 135   1      }
 136          
 137          void ADC_CALUE(void)
 138          {
 139   1          ADC0 = 0;//Clear the accumulated conversion results
 140   1          for(bySampleTimes=0; bySampleTimes<8; bySampleTimes++)
 141   1          {
 142   2              ADC0CN0_ADINT = 0;      //Clear interrupt flag;
 143   2              ADC0CN0_ADBUSY = 1;     //Start adc convert
 144   2                      Delay1us(5);
 145   2          }
 146   1          wSampleValue = ADC0;
 147   1          ADC_Stop();
 148   1          wSampleValue = wSampleValue>>3;
 149   1      }
 150          
 151          void ADC_PowerSample(void)
 152          {
 153   1              ADC_PowerSamplingInit();
 154   1          ADC_CALUE();
 155   1          ADC.Power_SampleValue = wSampleValue;
 156   1          ADC_IDSamplingInit();
 157   1          ADC_CALUE();
 158   1          ADC.ID_SampleValue = wSampleValue;
 159   1      
 160   1          if((ADC.Power_SampleValue <= MAX_POWER_VOLTAGE && ADC.Power_SampleValue >= MIN_POWER_VOLTAGE) ||
 161   1             (ADC.ID_SampleValue <= MAX_POWER_VOLTAGE    && ADC.ID_SampleValue >= MIN_POWER_VOLTAGE)  )
 162   1          {
 163   2              ADC.Power_OK_Flag = TRUE;
 164   2          }
 165   1          else
 166   1          {
 167   2              ADC.Power_OK_Flag = FALSE;
 168   2          }
C51 COMPILER V9.60.0.0   ADC                                                               08/08/2020 16:35:49 PAGE 4   

 169   1      
 170   1      //    wPowerValue = MAX_COMPARE(ADC.Power_SampleValue,ADC.ID_SampleValue);
 171   1      
 172   1      
 173   1      
 174   1      }
 175          
 176          void ADC_ReadID(void)
 177          {
 178   1              WORD temp;
 179   1      //      DATA_HIGH;
 180   1      //      wTimeMs = 10;
 181   1      //      Delay1ms();
 182   1      //      while(!ADC.Power_OK_Flag)
 183   1      //      {
 184   1      //              ADC_PowerSample();CLR_WDT;
 185   1      //      }
 186   1              ADC_PowerSamplingInit();
 187   1              ADC_CALUE();
 188   1              ADC.Power_SampleValue = wSampleValue;
 189   1              ADC_IDSample();
*** WARNING C206 IN LINE 189 OF C:\WorkSpace\3_CHAN\4_M80\1_CODE\DFSK-F516-EFM8BB21F16G-C-QFN20_20200107\src\Adc.c: 'ADC
             -_IDSample': missing function-prototype
 190   1      
 191   1              //Judge ID code...
 192   1      //      test code
 193   1      //      ADC.PowerValueTest     = (WORD)((((DWORD)ADC.Power_SampleValue*3300)/1024)*6);
 194   1      //      ADC.PowerValueSiteTest = (WORD)(((DWORD)ADC.Power_SampleValue*3300)/1024);
 195   1      //      ADC.IDValueTest        = (WORD)((((DWORD)ADC.ID_SampleValue*3300)/1024)*6);
 196   1      //      ADC.IDValueSiteTest    = (WORD)(((DWORD)ADC.ID_SampleValue*3300)/1024);
 197   1      
 198   1          RL_MIN_VALUE = 0;      // GND
 199   1              RL_MAX_VALUE = 200;//150;//100;
 200   1      
 201   1      //      RML_MIN_VALUE = (WORD)(((DWORD)wPowerValue*83 )/100);//(WORD)(wPowerValue-20); // +12V
 202   1      //      RML_MAX_VALUE = (WORD)(((DWORD)wPowerValue*117)/100);
 203   1      
 204   1              temp = (WORD)(((DWORD)ADC.Power_SampleValue*(P_R1VALUE+P_R2VALUE)/P_R1VALUE*R1VALUE/(R1VALUE+R2VALUE+R3VA
             -LUE)*117 )/100); //117 NC+17%
 205   1              if(temp > 1000)
 206   1              {
 207   2                      temp = 1000;
 208   2              }
 209   1      
 210   1              RML_MIN_VALUE = temp;  // +12V
 211   1              RML_MAX_VALUE = 1024;//(WORD)(((DWORD)wPowerValue*33/1024*R1VALUE/(R1VALUE+R2VALUE)*117)/100);
 212   1      
 213   1              //RMR_LOW_MIN_VALUE = 0;        // DATA_LOW
 214   1              //RMR_LOW_MAX_VALUE = 300;
 215   1      
 216   1              RR_MIN_VALUE = RL_MAX_VALUE;//100; // NC
 217   1              RR_MAX_VALUE = (WORD)(((DWORD)ADC.Power_SampleValue*(P_R1VALUE+P_R2VALUE)/P_R1VALUE*R1VALUE/(R1VALUE+R2VA
             -LUE+R3VALUE)*83 )/100);
 218   1                                              //(WORD)(((DWORD)ADC.Power_SampleValue*33/1024*R1VALUE/(R1VALUE+R2VALUE+R3VALUE)*83 )/100);
 219   1      
 220   1      //    FL_MIN_VALUE = 0; // GND
 221   1      //    FL_MAX_VALUE = 100;
 222   1      //
 223   1      //    FR_MIN_VALUE = 100; // NC
 224   1      //    FR_MAX_VALUE = (WORD)(((DWORD)ADC.Power_SampleValue*83 )/100);//WORD)((wPowerValue*6)/8-24+100);
 225   1      
 226   1              if(ADC.ID_SampleValue > RL_MIN_VALUE && ADC.ID_SampleValue < RL_MAX_VALUE)
 227   1              {
C51 COMPILER V9.60.0.0   ADC                                                               08/08/2020 16:35:49 PAGE 5   

 228   2                      DetInfo.bID  = ID_RL;   //GND
 229   2              }
 230   1              /*
 231   1              if(ADC.ID_SampleValue > RR_MIN_VALUE && ADC.ID_SampleValue < RR_MAX_VALUE)
 232   1              {
 233   1                      DetInfo.bID  = ID_RR;   //NC
 234   1              }
 235   1              */
 236   1              if(ADC.ID_SampleValue > RML_MIN_VALUE && ADC.ID_SampleValue < RML_MAX_VALUE)
 237   1              {
 238   2                      wTimeMs = 10;
 239   2                      Delay1ms(1);
 240   2                      DATA_LOW;
 241   2                      wTimeMs = 10;
 242   2                      Delay1ms(1);
 243   2                      ADC_IDSample();
 244   2                      /*
 245   2                      if(ADC.ID_SampleValue > RMR_LOW_MIN_VALUE && ADC.ID_SampleValue < RMR_LOW_MAX_VALUE)
 246   2                      {
 247   2                              DetInfo.bID  = ID_RMR;
 248   2                      }
 249   2                      */
 250   2                      if(ADC.ID_SampleValue > RML_MIN_VALUE && ADC.ID_SampleValue < RML_MAX_VALUE)
 251   2                      {
 252   3                              DetInfo.bID  = ID_RML;
 253   3                      }
 254   2              }
 255   1              DATA_HIGH;
 256   1      }
 257          
 258          
 259          
 260          void ADC_Start(void)
 261          {
 262   1              ADC0CN0_ADINT = 0;      //Clear interrupt flag;
 263   1              ADC0CN0_ADBUSY = 1;     //Start adc convert
 264   1              ADC0CN0_ADEN = 1;       //ADC Enable
 265   1              bDetectFlag = TRUE;
 266   1      }
 267          
 268          void ADC_Stop(void)
 269          {
 270   1              ADC0CN0_ADBUSY = 0;     //Stop adc convert
 271   1              ADC0CN0_ADEN = 0;       //ADC Disable
 272   1              bDetectFlag = FALSE;
 273   1      }
 274          
 275          
 276          void ADC_InitDetect(void)
 277          {
 278   1              ADC0CN0_ADBMEN  = 0;    //Disable Burst Mode
 279   1              ADC0CN0_ADCM0   = 0;    //ADC0 conversion initiated is software triggerr
 280   1              ADC0CN0_ADCM1   = 0;
 281   1              ADC0CN1                 = 0x01; //Common Mode Buffer Enable
 282   1              ADC0CF                  = 0x1D; /*bit7/6/5/4/3 = 00011 is set clock,49/(3+1) = 12.25mhz
 283   1                                                                bit2 = 1 is set 8 bit mode
 284   1                                                                bit1 = 0 Selects between Normal Tracking Modes
 285   1                                                                bit1 = 1 Gain Control set to 1 or 0.5
 286   1                                                              */
 287   1              ADC0AC                  = 0x10; /*bit7 = 0 Disable 12-bit mode
 288   1                                                                bit6 = 0 ADC0H:ADC0L contain the result of the latest conversion
 289   1                                                                bit5/4/3 = 010 Right justified. No shifting applied;(*this is 10 bit set way)
 290   1                                                                bit2/1/0 = 000 Perform and Accumulate 1 conversion (not used in 12-bit mode).
C51 COMPILER V9.60.0.0   ADC                                                               08/08/2020 16:35:49 PAGE 6   

 291   1                                                              */
 292   1              ADC0PWR                 = 0x40; /*bit7/6 = 01 Select bias current mode 1 (SARCLK <= 16 MHz).
 293   1                                                                bit5 = 0 Low power mode disabled
 294   1                                                                bit4 = 0 Disable low power mode
 295   1                                                                bit2/1/0 = 000 This field sets the time delay allowed for the ADC to power up from a low power st
             -ate. When ADTM is set, an additional 4SARCLKs are added to this time
 296   1                                                              */
 297   1              ADC0TK                  = 0x00; //no use
 298   1              ADC0GTH                 = 0xFF;
 299   1              ADC0GTL                 = 0xFF;
 300   1              ADC0LTH                 = 0x00;
 301   1              ADC0LTL                 = 0x00;
 302   1              ADC0MX                  = 0x06; //Selects the channel P0.0-P1.6 == 00000-01110
 303   1              REF0CN                  = 0x08; /*bit7 = 0 The internal reference operates at 1.65 V nominal; 1 is 2.4v
 304   1                                                                bit6 = 0 Reserved
 305   1                                                                bit5 = 0 The ADC0 ground reference is the GND pin
 306   1                                                                bit4/3 = 01 The ADC0 voltage reference is the VDD pin
 307   1                                                                bit2 = 0 Disable the Temperature Sensor
 308   1                                                                bit1/0 = 00 Reserved
 309   1                                                              */
 310   1              EIE1               |= ( 0x08); //10; Set Interrupt Priority; 11 is highest; 00 is lowest;
 311   1              EIP1               &= (~0x08);
 312   1              EIP1H              |= 0x08; //Enable interrupt
 313   1              ADC0CN0_ADEN    = 1;    //ADC Enable
 314   1          ADC_Start();
 315   1      }
 316          
 317          /*********************************************************************************************************
             -************
 318          ** AD interrupt.
 319          **********************************************************************************************************
             -***********/
 320          SI_INTERRUPT (ADC_ISR, ADC0EOC_IRQn)
 321          {
 322   1          if(RawData.bAdcBfIndex < 7)
 323   1          {
 324   2              RawData.bAdcBuffer[RawData.bAdcBfIndex] = ADC0L;
 325   2              RawData.bAdcBfIndex++;
 326   2          }
 327   1          else
 328   1          {
 329   2              BYTE i;
 330   2              BYTE Max = 0x00;
 331   2              BYTE Min = 0xFF;
 332   2              RawData.bAdcBuffer[RawData.bAdcBfIndex] = ADC0L;
 333   2              RawData.bAdcBfIndex = 0;
 334   2                      for(i=0; i<8;i++)       //Calculate  8 buffer = 6.5us, and samling use 24us; total is 32us
 335   2                      {
 336   3                              if(Max < RawData.bAdcBuffer[i])
 337   3                                      Max = RawData.bAdcBuffer[i];
 338   3                              if(Min > RawData.bAdcBuffer[i])
 339   3                                      Min = RawData.bAdcBuffer[i];
 340   3                      }
 341   2                      RawData.bRawDataBuffer[RawData.wRawDataIndex] = Max - Min;
 342   2          }
 343   1          ADC0CN0_ADINT       = 0;    //Clear interrupt flag;
 344   1          ADC0CN0_ADBUSY      = 1;    //Start adc convert
 345   1      }
 346          
 347          /*********************************************************************************************************
             -************
 348          ** AD window interrupt.
 349          **********************************************************************************************************
C51 COMPILER V9.60.0.0   ADC                                                               08/08/2020 16:35:49 PAGE 7   

             -***********/
 350          
 351          SI_INTERRUPT (ADC_WINDOW_ISR, ADC0WC_IRQn)
 352          {
 353   1              ADC0CN0_ADWINT = 0;//Clear interrupt flag;
 354   1      }
 355          
 356          


MODULE INFORMATION:   STATIC OVERLAYABLE
   CODE SIZE        =    738    ----
   CONSTANT SIZE    =   ----    ----
   XDATA SIZE       =     21    ----
   PDATA SIZE       =   ----    ----
   DATA SIZE        =     20       3
   IDATA SIZE       =   ----    ----
   BIT SIZE         =   ----    ----
   EDATA SIZE       =   ----    ----
   HDATA SIZE       =   ----    ----
   XDATA CONST SIZE =   ----    ----
   FAR CONST SIZE   =   ----    ----
END OF MODULE INFORMATION.


C51 COMPILATION COMPLETE.  1 WARNING(S),  0 ERROR(S)
